// Jest Snapshot v1, https://goo.gl/fbAQLP

exports[`CustomHeader renders correctly 1`] = `
<View
  forwardedRef={[Function]}
  onLayout={[Function]}
  pointerEvents="box-none"
  style={
    Object {
      "alignItems": "center",
      "backgroundColor": "rgb(0, 0, 0)",
      "flexDirection": "row",
      "height": 118.57142857142857,
      "justifyContent": "space-between",
      "paddingBottom": 0,
      "paddingLeft": 24,
      "paddingRight": 24,
      "paddingTop": 20,
      "width": "100%",
    }
  }
>
  <Text
    style={
      Array [
        Object {
          "color": "white",
          "fontFamily": "AvenirNext-Bold",
          "fontSize": 29.57142857142857,
          "textAlign": "center",
        },
        undefined,
      ]
    }
  >
    Header
  </Text>
</View>
`;
